// Jest Snapshot v1, https://goo.gl/fbAQLP

exports[`Component > Logo Container should render correctly 1`] = `
<div
  className="logo-container section"
>
  <Component />
</div>
`;
